build	Build DaddyBoard GIF (GifBoard extension)	﻿2026-09-30T16:08:02.8194159Z ##[group]Run chmod +x gradlew
build	Build DaddyBoard GIF (GifBoard extension)	2026-09-30T16:08:02.8194816Z ^[[36;1mchmod +x gradlew^[[0m
build	Build DaddyBoard GIF (GifBoard extension)	2026-09-30T16:08:02.8195092Z ^[[36;1m./gradlew assembleDebug --build-cache^[[0m
build	Build DaddyBoard GIF (GifBoard extension)	2026-09-30T16:08:02.8261672Z shell: /usr/bin/bash -e {0}
build	Build DaddyBoard GIF (GifBoard extension)	2026-09-30T16:08:02.8261938Z env:
build	Build DaddyBoard GIF (GifBoard extension)	2026-09-30T16:08:02.8262253Z   JAVA_HOME: /opt/hostedtoolcache/Java_Temurin-Hotspot_jdk/17.0.20-1/x64
build	Build DaddyBoard GIF (GifBoard extension)	2026-09-30T16:08:02.8262781Z   JAVA_HOME_17_X64: /opt/hostedtoolcache/Java_Temurin-Hotspot_jdk/17.0.20-1/x64
build	Build DaddyBoard GIF (GifBoard extension)	2026-09-30T16:08:02.8263181Z ##[endgroup]
build	Build DaddyBoard GIF (GifBoard extension)	2026-09-30T16:08:02.9252557Z Fetching distribution.
build	Build DaddyBoard GIF (GifBoard extension)	2026-09-30T16:08:02.9253625Z Downloading https://services.gradle.org/distributions/gradle-9.5.1-bin.zip
build	Build DaddyBoard GIF (GifBoard extension)	2026-09-30T16:08:04.5482790Z .............10%.............20%..............30%.............40%.............50%..............60%.............70%..............80%.............90%.............100%
build	Build DaddyBoard GIF (GifBoard extension)	2026-09-30T16:08:05.7474672Z 
build	Build DaddyBoard GIF (GifBoard extension)	2026-09-30T16:08:05.7476667Z Welcome to Gradle 9.5.1!
build	Build DaddyBoard GIF (GifBoard extension)	2026-09-30T16:08:05.7478174Z 
build	Build DaddyBoard GIF (GifBoard extension)	2026-09-30T16:08:05.7486509Z Here are the highlights of this release:
build	Build DaddyBoard GIF (GifBoard extension)	2026-09-30T16:08:05.7489072Z  - Task provenance in reports and failure messages
build	Build DaddyBoard GIF (GifBoard extension)	2026-09-30T16:08:05.7490131Z  - Type-safe accessors for precompiled Kotlin Settings plugins
build	Build DaddyBoard GIF (GifBoard extension)	2026-09-30T16:08:05.7494993Z 
build	Build DaddyBoard GIF (GifBoard extension)	2026-09-30T16:08:05.7495652Z For more details see https://docs.gradle.org/9.5.1/release-notes.html
build	Build DaddyBoard GIF (GifBoard extension)	2026-09-30T16:08:05.7496229Z 
build	Build DaddyBoard GIF (GifBoard extension)	2026-09-30T16:08:05.8479051Z Starting a Gradle Daemon (subsequent builds will be faster)
build	Build DaddyBoard GIF (GifBoard extension)	2026-09-30T16:08:08.0485876Z Calculating task graph as no cached configuration is available for tasks: assembleDebug
build	Build DaddyBoard GIF (GifBoard extension)	2026-09-30T16:08:47.7505846Z > Task :app:preBuild UP-TO-DATE
build	Build DaddyBoard GIF (GifBoard extension)	2026-09-30T16:08:47.7530107Z > Task :app:preDebugBuild UP-TO-DATE
build	Build DaddyBoard GIF (GifBoard extension)	2026-09-30T16:08:47.7530917Z > Task :app:mergeDebugNativeDebugMetadata NO-SOURCE
build	Build DaddyBoard GIF (GifBoard extension)	2026-09-30T16:08:47.7531784Z > Task :app:checkKotlinGradlePluginConfigurationErrors SKIPPED
build	Build DaddyBoard GIF (GifBoard extension)	2026-09-30T16:08:50.5474281Z > Task :app:checkDebugAarMetadata
build	Build DaddyBoard GIF (GifBoard extension)	2026-09-30T16:08:50.6482499Z > Task :app:processDebugNavigationResources
build	Build DaddyBoard GIF (GifBoard extension)	2026-09-30T16:08:50.8473655Z > Task :app:compileDebugNavigationResources
build	Build DaddyBoard GIF (GifBoard extension)	2026-09-30T16:08:50.8495475Z > Task :app:generateDebugResValues
build	Build DaddyBoard GIF (GifBoard extension)	2026-09-30T16:08:50.9467673Z > Task :app:mapDebugSourceSetPaths
build	Build DaddyBoard GIF (GifBoard extension)	2026-09-30T16:08:50.9473983Z > Task :app:generateDebugResources
build	Build DaddyBoard GIF (GifBoard extension)	2026-09-30T16:08:53.8467736Z > Task :app:mergeDebugResources
build	Build DaddyBoard GIF (GifBoard extension)	2026-09-30T16:08:53.8468392Z > Task :app:packageDebugResources
build	Build DaddyBoard GIF (GifBoard extension)	2026-09-30T16:08:56.7475444Z > Task :app:parseDebugLocalResources
build	Build DaddyBoard GIF (GifBoard extension)	2026-09-30T16:08:56.8478752Z > Task :app:createDebugCompatibleScreenManifests
build	Build DaddyBoard GIF (GifBoard extension)	2026-09-30T16:08:56.8496934Z > Task :app:extractDeepLinksDebug
build	Build DaddyBoard GIF (GifBoard extension)	2026-09-30T16:08:57.1466847Z > Task :app:processDebugMainManifest
build	Build DaddyBoard GIF (GifBoard extension)	2026-09-30T16:08:57.3495539Z > Task :app:processDebugManifest
build	Build DaddyBoard GIF (GifBoard extension)	2026-09-30T16:08:57.3496827Z > Task :app:processDebugManifestForPackage
build	Build DaddyBoard GIF (GifBoard extension)	2026-09-30T16:08:59.1469784Z > Task :app:processDebugResources
build	Build DaddyBoard GIF (GifBoard extension)	2026-09-30T16:09:12.8506701Z e: file:///home/runner/work/daddyboard/daddyboard/daddyboard-gif/app/src/main/java/com/gifboard/AgeGatingDialogFragment.kt:26:68 Unresolved reference 'layout'.
build	Build DaddyBoard GIF (GifBoard extension)	2026-09-30T16:09:12.8507890Z 
build	Build DaddyBoard GIF (GifBoard extension)	2026-09-30T16:09:12.8508853Z e: file:///home/runner/work/daddyboard/daddyboard/daddyboard-gif/app/src/main/java/com/gifboard/AgeGatingDialogFragment.kt:28:31 Unresolved reference 'findViewById'.
build	Build DaddyBoard GIF (GifBoard extension)	2026-09-30T16:09:12.8510776Z e: file:///home/runner/work/daddyboard/daddyboard/daddyboard-gif/app/src/main/java/com/gifboard/AgeGatingDialogFragment.kt:28:58 Unresolved reference 'id'.
build	Build DaddyBoard GIF (GifBoard extension)	2026-09-30T16:09:12.8546008Z e: file:///home/runner/work/daddyboard/daddyboard/daddyboard-gif/app/src/main/java/com/gifboard/AgeGatingDialogFragment.kt:29:30 Unresolved reference 'findViewById'.
build	Build DaddyBoard GIF (GifBoard extension)	2026-09-30T16:09:12.8547492Z > Task :app:compileDebugKotlin FAILED
build	Build DaddyBoard GIF (GifBoard extension)	2026-09-30T16:09:12.8555679Z e: file:///home/runner/work/daddyboard/daddyboard/daddyboard-gif/app/src/main/java/com/gifboard/AgeGatingDialogFragment.kt:29:53 Unresolved reference 'id'.
build	Build DaddyBoard GIF (GifBoard extension)	2026-09-30T16:09:12.8577574Z e: file:///home/runner/work/daddyboard/daddyboard/daddyboard-gif/app/src/main/java/com/gifboard/AgeGatingDialogFragment.kt:30:30 Unresolved reference 'findViewById'.
build	Build DaddyBoard GIF (GifBoard extension)	2026-09-30T16:09:12.8585758Z e: file:///home/runner/work/daddyboard/daddyboard/daddyboard-gif/app/src/main/java/com/gifboard/AgeGatingDialogFragment.kt:30:53 Unresolved reference 'id'.
build	Build DaddyBoard GIF (GifBoard extension)	2026-09-30T16:09:12.8616005Z e: file:///home/runner/work/daddyboard/daddyboard/daddyboard-gif/app/src/main/java/com/gifboard/AgeGatingDialogFragment.kt:34:14 Unresolved reference 'setCancelable'.
build	Build DaddyBoard GIF (GifBoard extension)	2026-09-30T16:09:12.8645961Z e: file:///home/runner/work/daddyboard/daddyboard/daddyboard-gif/app/src/main/java/com/gifboard/GifContentProvider.kt:55:50 Too many arguments for 'constructor(): JsonApiGifProvider'.
build	Build DaddyBoard GIF (GifBoard extension)	2026-09-30T16:09:12.8670858Z e: file:///home/runner/work/daddyboard/daddyboard/daddyboard-gif/app/src/main/java/com/gifboard/GifContentProvider.kt:104:35 Type argument for reified type parameter 'T' was inferred to the intersection of ['Comparable<*>?' & 'Serializable?']. Reification of an intersection type results in the common supertype being used. This may lead to subtle issues and an explicit type argument is encouraged.
build	Build DaddyBoard GIF (GifBoard extension)	2026-09-30T16:09:12.9487040Z 
build	Build DaddyBoard GIF (GifBoard extension)	2026-09-30T16:09:12.9488174Z [Incubating] Problems report is available at: file:///home/runner/work/daddyboard/daddyboard/daddyboard-gif/build/reports/problems/problems-report.html
build	Build DaddyBoard GIF (GifBoard extension)	2026-09-30T16:09:12.9488965Z 
build	Build DaddyBoard GIF (GifBoard extension)	2026-09-30T16:09:12.9489348Z FAILURE: Build failed with an exception.
build	Build DaddyBoard GIF (GifBoard extension)	2026-09-30T16:09:12.9489657Z 
build	Build DaddyBoard GIF (GifBoard extension)	2026-09-30T16:09:12.9489751Z * What went wrong:
build	Build DaddyBoard GIF (GifBoard extension)	2026-09-30T16:09:12.9490477Z Execution failed for task ':app:compileDebugKotlin' (registered by plugin 'kotlin-android').
build	Build DaddyBoard GIF (GifBoard extension)	2026-09-30T16:09:12.9491820Z > A failure occurred while executing org.jetbrains.kotlin.compilerRunner.btapi.BuildToolsApiCompilationWork
build	Build DaddyBoard GIF (GifBoard extension)	2026-09-30T16:09:12.9492882Z    > Compilation error. See log for more details
build	Build DaddyBoard GIF (GifBoard extension)	2026-09-30T16:09:12.9493255Z 
build	Build DaddyBoard GIF (GifBoard extension)	2026-09-30T16:09:12.9493386Z * Try:
build	Build DaddyBoard GIF (GifBoard extension)	2026-09-30T16:09:12.9493793Z > Run with --stacktrace option to get the stack trace.
build	Build DaddyBoard GIF (GifBoard extension)	2026-09-30T16:09:12.9497330Z > Run with --info or --debug option to get more log output.
build	Build DaddyBoard GIF (GifBoard extension)	2026-09-30T16:09:12.9497633Z 
build	Build DaddyBoard GIF (GifBoard extension)	2026-09-30T16:09:12.9515456Z > Run with --scan to get full insights from a Build Scan (powered by Develocity).
build	Build DaddyBoard GIF (GifBoard extension)	2026-09-30T16:09:12.9516545Z Deprecated Gradle features were used in this build, making it incompatible with Gradle 10.
build	Build DaddyBoard GIF (GifBoard extension)	2026-09-30T16:09:12.9517361Z > Get more help at https://help.gradle.org.
build	Build DaddyBoard GIF (GifBoard extension)	2026-09-30T16:09:12.9517690Z 
build	Build DaddyBoard GIF (GifBoard extension)	2026-09-30T16:09:12.9544719Z 
build	Build DaddyBoard GIF (GifBoard extension)	2026-09-30T16:09:12.9545492Z You can use '--warning-mode all' to show the individual deprecation warnings and determine if they come from your own scripts or plugins.
build	Build DaddyBoard GIF (GifBoard extension)	2026-09-30T16:09:12.9546383Z 
build	Build DaddyBoard GIF (GifBoard extension)	2026-09-30T16:09:12.9574852Z BUILD FAILED in 1m 10s
build	Build DaddyBoard GIF (GifBoard extension)	2026-09-30T16:09:12.9603387Z For more on this, please refer to https://docs.gradle.org/9.5.1/userguide/command_line_interface.html#sec:command_line_warnings in the Gradle documentation.
build	Build DaddyBoard GIF (GifBoard extension)	2026-09-30T16:09:12.9604825Z 16 actionable tasks: 16 executed
build	Build DaddyBoard GIF (GifBoard extension)	2026-09-30T16:09:12.9637045Z Configuration cache entry stored.
build	Build DaddyBoard GIF (GifBoard extension)	2026-09-30T16:09:13.4326903Z ##[error]Process completed with exit code 1.
